HIS_1
MET_2      PR_30 (20)  PR_48 (18)  PR_50 (13)  PR_51 (15)  PR_56 (15)  PR_75 (16)  PR_76 (20)  PR_78 (13)  PR_79 (16)  PR_80 (15)  PR_81 (18)  PR_83 (15)  PR_84 (13)  PR_86 (15)  PR_87 (21)  PR_88 (15)  PR_91 (15)  PR_92 (18)  PR_93 (13)  PR_94 (15)  PR_108 (18)  PR_109 (18)  PR_110 (21)  PR_142 (20)  PR_155 (11)
ARG_3      PR_7 (11)  PR_30 (80)  PR_35 (25)
GLN_4      PR_35 (75)  PR_79 (11)  PR_84 (11)  PR_87 (15)  PR_92 (13)  PR_94 (11)
PRO_5
PRO_6
LEU_7      PR_14 (100)
VAL_8      PR_9 (100)
THR_9      PR_57 (100)
GLY_10     PR_96 (100)
ILE_11     PR_39 (100)
SER_12     PR_43 (100)
PRO_13
ASN_14     PR_75 (18)  PR_78 (18)  PR_80 (18)  PR_82 (100)  PR_83 (18)  PR_86 (20)  PR_88 (23)  PR_91 (18)  PR_93 (23)  PR_94 (11)
GLU_15     PR_2 (13)  PR_7 (18)  PR_71 (23)  PR_109 (11)
GLY_16     PR_67 (100)
ILE_17     PR_74 (100)
PRO_18
TRP_19     PR_46 (100)
THR_20     PR_47 (100)
LYS_21     PR_5 (100)
VAL_22     PR_37 (100)
THR_23     PR_62 (100)
ILE_24     PR_3 (100)
ARG_25     PR_24 (100)
GLY_26     PR_101 (100)
GLU_27     PR_40 (100)
ASN_28     PR_58 (100)
LEU_29     PR_53 (100)
GLY_30     PR_107 (100)
THR_31     PR_85 (100)
GLY_32     PR_99 (100)
PRO_33
THR_34     PR_105 (100)
ASP_35     PR_44 (100)
LEU_36     PR_49 (100)
ILE_37     PR_52 (100)
GLY_38     PR_90 (100)
LEU_39     PR_18 (100)
THR_40     PR_42 (100)
ILE_41     PR_34 (100)
CYS_42     PR_22 (100)
GLY_43     PR_106 (100)
HIS_44     PR_29 (100)
ASN_45     PR_20 (100)
CYS_46     PR_15 (100)
LEU_47     PR_31 (100)
LEU_48     PR_64 (100)
THR_49     PR_103 (100)
ALA_50     PR_25 (100)
GLU_51     PR_23 (100)
TRP_52     PR_6 (100)
MET_53     PR_19 (100)
SER_54     PR_72 (100)
ALA_55     PR_55 (100)
SER_56     PR_100 (100)
LYS_57     PR_12 (100)
ILE_58     PR_17 (100)
VAL_59     PR_21 (100)
CYS_60     PR_41 (100)
ARG_61     PR_70 (100)
VAL_62     PR_63 (100)
GLY_63     PR_89 (100)
GLN_64     PR_59 (100)
ALA_65     PR_26 (100)
LYS_66     PR_38 (100)
ASN_67     PR_61 (100)
ASP_68     PR_54 (100)
LYS_69     PR_45 (100)
GLY_70     PR_97 (100)
ASP_71     PR_65 (100)
ILE_72     PR_28 (100)
ILE_73     PR_13 (100)
VAL_74     PR_1 (100)
THR_75     PR_27 (100)
THR_76     PR_60 (100)
LYS_77     PR_10 (100)
SER_78     PR_68 (100)
GLY_79     PR_98 (100)
GLY_80     PR_95 (100)
LYS_81     PR_71 (76)
GLY_82     PR_102 (100)
THR_83     PR_104 (100)
SER_84     PR_69 (100)
THR_85     PR_73 (100)
VAL_86     PR_77 (100)
SER_87     PR_66 (100)
PHE_88     PR_32 (100)
LYS_89     PR_8 (100)
LEU_90     PR_4 (100)
LEU_91     PR_11 (100)
LYS_92     PR_36 (50)  PR_48 (18)  PR_50 (16)  PR_51 (15)  PR_56 (16)  PR_76 (11)  PR_81 (11)  PR_108 (11)  PR_142 (13)  PR_155 (13)
PRO_93
GLU_94     PR_33 (100)
LYS_95     PR_16 (100)
